artifacts/spatial-queries/run-20260906T233357Z
format: 0
clippy: 0
browser_clippy: 0
native_build: 0
spatial_native: 0
spatial_workflow: 0
spatial_schema: 0
browser_build: 0
spatial_browser: 0
spatial_cross: 0
gpu_update_native: 0
gpu_update_resource: 0
gpu_update_browser: 0
gpu_update_cross: 0
srgb8_numeric_source: 0
mip_lod_numeric_source: 0
paint_native: 0
independent_source_validation: 0
paint_workflow: 0
paint_schema: 0
paint_browser: 0
paint_cross_platform: 0
wasm_tests: 0
native_tests: -2
   Compiling render-web v0.1.0 (/Volumes/seed2/Projects/render/artifacts/worktrees/spatial-queries/crates/web)
   Compiling render-ffi v0.1.0 (/Volumes/seed2/Projects/render/artifacts/worktrees/spatial-queries/crates/ffi)
   Compiling render-host v0.1.0 (/Volumes/seed2/Projects/render/artifacts/worktrees/spatial-queries/crates/host)

