   Compiling proc-macro2 v1.0.107
   Compiling quote v1.0.47
    Checking cfg-if v1.0.4
   Compiling libc v0.2.189
    Checking serde_core v1.0.228
   Compiling syn v3.0.5
   Compiling syn v2.0.119
   Compiling libm v0.2.16
   Compiling num-traits v0.2.19
    Checking bitflags v2.13.1
   Compiling bytemuck_derive v1.12.0
    Checking simd-adler32 v0.3.10
    Checking typenum v1.20.1
    Checking bytemuck v1.25.2
    Checking adler2 v2.0.1
    Checking generic-array v0.14.7
    Checking crc32fast v1.5.1
    Checking miniz_oxide v0.9.1
    Checking flate2 v1.1.10
    Checking block-buffer v0.10.4
    Checking crypto-common v0.1.7
    Checking miniz_oxide v0.8.9
    Checking fdeflate v0.3.7
    Checking pxfm v0.1.30
    Checking zune-core v0.5.3
    Checking zune-jpeg v0.5.15
    Checking png v0.18.1
    Checking digest v0.10.7
   Compiling serde_derive v1.0.228
    Checking moxcms v0.8.1
    Checking cpufeatures v0.2.17
    Checking ryu v1.0.23
    Checking itoa v1.0.18
    Checking byteorder-lite v0.1.0
    Checking memchr v2.8.3
    Checking image v0.25.10
    Checking serde_json v1.0.145
    Checking sha2 v0.10.9
    Checking serde v1.0.228
    Checking glam v0.30.10
   Compiling cfg_aliases v0.2.2
   Compiling zerocopy v0.8.56
   Compiling zerocopy-derive v0.8.56
    Checking render-core v0.1.0 (/Volumes/seed2/Projects/render/artifacts/worktrees/runtime-geometry-chunks/crates/core)
   Compiling thiserror v2.0.20
    Checking once_cell v1.21.4
   Compiling thiserror-impl v2.0.20
    Checking log v0.4.34
   Compiling naga v26.0.0
    Checking foldhash v0.1.5
    Checking hashbrown v0.17.1
    Checking equivalent v1.0.2
    Checking unicode-width v0.2.2
    Checking bit-vec v0.8.0
    Checking bit-set v0.8.0
    Checking codespan-reporting v0.12.0
    Checking indexmap v2.14.2
    Checking hashbrown v0.15.5
    Checking half v2.7.1
   Compiling paste v1.0.15
    Checking unicode-ident v1.0.24
    Checking core-foundation-sys v0.8.7
    Checking rustc-hash v1.1.0
    Checking arrayvec v0.7.8
    Checking hexf-parse v0.2.1
   Compiling parking_lot_core v0.9.12
    Checking core-foundation v0.10.1
    Checking malloc_buf v0.0.6
   Compiling foreign-types-macros v0.2.4
    Checking scopeguard v1.2.0
    Checking foreign-types-shared v0.3.1
    Checking smallvec v1.16.0
    Checking foreign-types v0.5.0
    Checking lock_api v0.4.14
    Checking objc v0.2.7
    Checking core-graphics-types v0.2.0
   Compiling wgpu-hal v26.0.6
    Checking block v0.1.6
    Checking metal v0.32.0
    Checking parking_lot v0.12.5
    Checking wgpu-types v26.0.0
    Checking profiling v1.0.18
    Checking raw-window-handle v0.6.2
   Compiling wgpu-core v26.0.1
   Compiling litrs v1.0.0
   Compiling document-features v0.2.12
   Compiling wgpu v26.0.1
    Checking wgpu-core-deps-apple v26.0.0
    Checking static_assertions v1.1.0
    Checking render-kernel v0.1.0 (/Volumes/seed2/Projects/render/artifacts/worktrees/runtime-geometry-chunks/crates/kernel)
   Compiling ahash v0.8.12
    Checking hashbrown v0.14.5
    Checking spin v0.9.9
    Checking pollster v0.4.0
    Checking hecs v0.10.5
    Checking render-gpu v0.1.0 (/Volumes/seed2/Projects/render/artifacts/worktrees/runtime-geometry-chunks/crates/gpu)
    Checking render-host v0.1.0 (/Volumes/seed2/Projects/render/artifacts/worktrees/runtime-geometry-chunks/crates/host)
    Checking render-web v0.1.0 (/Volumes/seed2/Projects/render/artifacts/worktrees/runtime-geometry-chunks/crates/web)
error[E0277]: `&mut render_core::render::chunks::Chunks<render_core::render::Triangle>` is not an iterator
   --> crates/host/tests/named_uv_gpu.rs:74:22
    |
 74 |             for t in &mut std::sync::Arc::make_mut(&mut inst.geometry).triangles {
    |                      ^^^^^^^^^^^^^^^^^^^^^^^^^^^^^^^^^^^^^^^^^^^^^^^^^^^^^^^^^^^ `&mut render_core::render::chunks::Chunks<render_core::render::Triangle>` is not an iterator
    |
    = help: the trait `std::iter::Iterator` is not implemented for `render_core::render::chunks::Chunks<render_core::render::Triangle>`
help: the trait `std::iter::IntoIterator` is implemented for `&render_core::render::chunks::Chunks<T>`
   --> crates/core/src/render/chunks.rs:195:1
    |
195 | impl<'a, T> IntoIterator for &'a Chunks<T> {
    | ^^^^^^^^^^^^^^^^^^^^^^^^^^^^^^^^^^^^^^^^^^
    = note: required for `&mut render_core::render::chunks::Chunks<render_core::render::Triangle>` to implement `std::iter::Iterator`
    = note: required for `&mut render_core::render::chunks::Chunks<render_core::render::Triangle>` to implement `std::iter::IntoIterator`

For more information about this error, try `rustc --explain E0277`.
error: could not compile `render-host` (test "named_uv_gpu") due to 1 previous error
warning: build failed, waiting for other jobs to finish...
