artifacts/tiled-painting/run-20260906T212644Z
format: 0
srgb8_numeric_source: 0
mip_lod_numeric_source: 0
paint_native: 0
independent_source_validation: 0
clippy: 0
native_build: 0
paint_workflow: 0
paint_schema: 0
browser_build: 0
paint_browser: 0
paint_cross_platform: 0
wasm_tests: 0
native_tests: 0
uv_workflow: 0
uv_schema: 0
uv_browser: 0
uv_cross_platform: 0
blend_workflow: 0
blend_reference: 0
blend_schema: 0
blend_browser: 0
blend_cross_platform: 0
gpu_dielectric: 0
gpu_surfaces: 0
secondary_gpu: 0
gpu_alpha: 0
gltf_export_gpu: 0
vertex_colors_gpu: 0
named_uv_gpu: 0
morph_frame_regressions: 0
morph_frame_gpu: 0
linux_check: 0
windows_check: 0
browser_clippy: 0
camera_regression: 0
dependency_audit: 0
animated_regression: 0
shutter_regression: 0
sparse_regression: 0
alpha_workflow: 0
alpha_browser: 0
alpha_shutter_workflow: 0
alpha_shutter_browser: 0
named_uv_regression: 0
named_uv_browser: 0
named_uv_cross_platform: 0
morph_workflow: 0
morph_browser: 0
vertex_color_workflow: 0
vertex_color_browser: 0
export_workflow: 0
export_schema: 0
export_source_validation: 0
export_browser: 0
secondary_workflow: 0
secondary_browser: 0
surface_workflow: 0
surface_browser: 0
conductor_shutter: 0
conductor_shutter_browser: 0
coated_shutter: 0
coated_shutter_browser: 0
dielectric_workflow: 0
dielectric_browser: 0
dielectric_shutter: 0
dielectric_shutter_browser: 0
volume_workflow: 0
volume_schema: 0
volume_browser: 0
hair_workflow: 0
hair_schema: 0
hair_browser: 0
geometry_regression: 0
groom_regression: 0
curve_color_workflow: 0
curve_color_schema: 0
curve_color_glb_validation: 0
curve_color_browser: 0
media_gpu: 0
media_exact_rays: 0
media_workflow: 0
media_browser: 0
media_shutter: 0
media_shutter_browser: 0
Passed: artifacts/tiled-painting/run-20260906T212644Z
