   Compiling render-core v0.1.0 (/Volumes/seed2/Projects/render/artifacts/worktrees/tiled-painting/crates/core)
    Finished `test` profile [unoptimized] target(s) in 1m 14s
     Running tests/tiled_painting.rs (/Volumes/seed2/Projects/render/artifacts/build-cache-20260906/wasm32-unknown-unknown/debug/deps/tiled_painting-9c1fd6f154189a64.wasm)
Executing bindgen...                                                                                running 15 tests
test tile_encoding_is_explicit_and_rejects_invalid_payloads ... ok
test stroke_checkpoint_replay_matches_one_shot_and_preserves_distant_tiles ... ok
test srgb_transfer_diagnostic_probe ... ok
test source_over_erase_and_mask_match_independent_alpha_equations ... ok
test paint_publication_denials_stale_inputs_and_all_preparation_cancellation_are_atomic ... ok
test ordinary_transactions_retry_bake_recover_and_undo_retained_canvases ... ok
test layer_order_visibility_and_opacity_affect_real_composite ... ok
test hostile_parameters_strict_fields_and_retained_resource_caps_reject ... ok
test edge_padding_references_layer_ids_and_caps_are_validated ... ok
test decimal_segment_endpoints_do_not_receive_a_duplicate_opacity_dab ... ok
test cancellation_at_every_observed_checkpoint_keeps_sources_immutable ... ok
test brush_coverage_clipping_pressure_and_work_are_bounded ... ok
test bake_uses_explicit_color_role_and_reports_premultiplied_error ... ok
test bake_retry_identity_includes_canvas_and_source_even_for_identical_pixels ... ok
test agent_paint_and_bake_use_durable_publication_and_late_cancellation ... ok

test result: ok. 15 passed; 0 failed; 0 ignored; 0 filtered out; finished in 3.37s

                                                  