    Checking render-core v0.1.0 (/Volumes/seed2/Projects/render/artifacts/worktrees/uv-authoring/crates/core)
error: you don't need to add `&` to all patterns
   --> crates/core/src/uv/charts.rs:166:13
    |
166 | /             match uses.as_slice() {
167 | |                 &[(a, b)] => {
168 | |                     if outgoing.insert(a, b).is_some() || !incoming.insert(b) {
169 | |                         return Err(bad("UV boundary has a non-manifold fan"));
...   |
173 | |                 _ => return Err(bad("UV chart edge fan is not an oriented manifold")),
174 | |             }
    | |_____________^
    |
    = help: for further information visit https://rust-lang.github.io/rust-clippy/rust-1.95.0/index.html#match_ref_pats
    = note: `-D clippy::match-ref-pats` implied by `-D warnings`
    = help: to override `-D warnings` add `#[allow(clippy::match_ref_pats)]`
help: instead of prefixing all patterns with `&`, you can dereference the expression
    |
166 ~             match *uses.as_slice() {
167 ~                 [(a, b)] => {
168 |                     if outgoing.insert(a, b).is_some() || !incoming.insert(b) {
...
171 |                 }
172 ~                 [(a, b), (c, d)] if a == d && b == c => (),
    |

error: the loop variable `j` is only used to index `r`
  --> crates/core/src/uv/solver.rs:60:18
   |
60 |         for j in k..n {
   |                  ^^^^
   |
   = help: for further information visit https://rust-lang.github.io/rust-clippy/rust-1.95.0/index.html#needless_range_loop
   = note: `-D clippy::needless-range-loop` implied by `-D warnings`
   = help: to override `-D warnings` add `#[allow(clippy::needless_range_loop)]`
help: consider using an iterator
   |
60 -         for j in k..n {
60 +         for <item> in r.iter_mut().take(n).skip(k) {
   |

error: this `if` statement can be collapsed
   --> crates/core/src/uv/mod.rs:350:5
    |
350 | /     if let Some(existing) = mesh.attributes.get(&request.attribute) {
351 | |         if existing.id != request.attribute_id || existing.semantic != "uv" {
352 | |             return Err(bad("existing UV name has different identity or semantic"));
353 | |         }
354 | |     }
    | |_____^
    |
    = help: for further information visit https://rust-lang.github.io/rust-clippy/rust-1.95.0/index.html#collapsible_if
    = note: `-D clippy::collapsible-if` implied by `-D warnings`
    = help: to override `-D warnings` add `#[allow(clippy::collapsible_if)]`
help: collapse nested if block
    |
350 ~     if let Some(existing) = mesh.attributes.get(&request.attribute)
351 ~         && (existing.id != request.attribute_id || existing.semantic != "uv") {
352 |             return Err(bad("existing UV name has different identity or semantic"));
353 ~         }
    |

error: could not compile `render-core` (lib) due to 3 previous errors
warning: build failed, waiting for other jobs to finish...
error: could not compile `render-core` (lib test) due to 3 previous errors
