artifacts/curve-colors/run-20260906T125607Z
format: 0
independent_source_validation: 0
gpu_dielectric: 0
gpu_surfaces: 0
secondary_gpu: 0
gpu_alpha: 0
gltf_export_gpu: 0
vertex_colors_gpu: 0
named_uv_gpu: 0
morph_frame_regressions: 0
morph_frame_gpu: 0
clippy: 0
native_tests: 101
ltered out; finished in 0.00s

     Running unittests src/lib.rs (target/debug/deps/render_gpu-b1eacbde823677ee)

running 0 tests

test result: ok. 0 passed; 0 failed; 0 ignored; 0 measured; 0 filtered out; finished in 0.00s

     Running unittests src/main.rs (target/debug/deps/render_host-38eb6d8c0ccaf36d)

running 5 tests
test project_cli::tests::cancellation_is_checked_after_preparation_but_not_inside_admitted_commit ... ok
test job_host::tests::second_host_cannot_recover_an_active_worker ... ok
test job_host::tests::jobs_pin_the_document_written_through_the_project_api ... ok
test job_host::tests::pinned_variant_jobs_reject_changed_retries_and_recover_terminal_events ... ok
test job_host::tests::durable_jobs_survive_reopen_and_cancel ... ok

test result: ok. 5 passed; 0 failed; 0 ignored; 0 measured; 0 filtered out; finished in 1.22s

     Running tests/gltf_export_gpu.rs (target/debug/deps/gltf_export_gpu-abe11c5e3de0e87d)

running 1 test
test exported_pbr_surfaces_match_cpu_and_metal_at_static_and_animated_times ... ignored, requires a real GPU; mandatory in evaluated GLB export acceptance

test result: ok. 0 passed; 0 failed; 1 ignored; 0 measured; 0 filtered out; finished in 0.00s

     Running tests/gpu_alpha.rs (target/debug/deps/gpu_alpha-1a671c30d6f722eb)

running 6 tests
test coverage_textures_vertex_alpha_and_extended_schedule_match_cpu ... ignored, requires actual GPU; mandatory in alpha acceptance
test mask_boundaries_camera_and_transparent_crossing_budgets ... ignored, requires actual GPU; mandatory in alpha acceptance
test normalized_texture_cutoffs_and_mixed_material_bounces ... ignored, requires actual GPU; mandatory in alpha acceptance
test shutter_failure_survives_later_valid_dispatches_and_sequence_is_partial ... ignored, requires actual GPU; mandatory in alpha acceptance
test transparent_shadows_are_products_and_visibility_budget_errors ... ignored, requires actual GPU; mandatory in alpha acceptance
test mask_thresholds_preserve_cpu_multiplication_at_decoded_alpha_boundaries ... ok

test result: ok. 1 passed; 0 failed; 5 ignored; 0 measured; 0 filtered out; finished in 1.47s

     Running tests/gpu_dielectric.rs (target/debug/deps/gpu_dielectric-68941461ad50f3fd)

running 2 tests
test analytic_ideal_interfaces_match_metal_and_keep_prior_shaders_exact ... ignored, requires actual GPU; mandatory ideal dielectric acceptance
test dielectric_variant_keeps_other_bsdfs_and_pipeline_cache_working ... ignored, requires actual GPU; mandatory mixed-surface dielectric acceptance

test result: ok. 0 passed; 0 failed; 2 ignored; 0 measured; 0 filtered out; finished in 0.00s

     Running tests/gpu_sequence.rs (target/debug/deps/gpu_sequence-3c38386dc50d0c7a)

running 1 test
test gpu_shutter_analytic_average_random_access_sequences_and_faults ... ignored, requires a real GPU; mandatory in GPU shutter acceptance

test result: ok. 0 passed; 0 failed; 1 ignored; 0 measured; 0 filtered out; finished in 0.00s

     Running tests/gpu_surfaces.rs (target/debug/deps/gpu_surfaces-9624e2b82cc22a48)

running 3 tests
test conductor_coat_secondary_transport_and_three_pipeline_cache_switching ... ignored, requires actual GPU; mandatory conductor/coat acceptance
test normal_incidence_analytic_energy_and_coat_limits ... ignored, requires actual GPU; mandatory analytic conductor/coat acceptance
test surface_models_keep_named_uv_vertex_color_normal_and_alpha_consumers ... ignored, requires actual GPU; mandatory texture and alpha integration acceptance

test result: ok. 0 passed; 0 failed; 3 ignored; 0 measured; 0 filtered out; finished in 0.00s

     Running tests/morph_frames_gpu.rs (target/debug/deps/morph_frames_gpu-cdf2cd06348fd39f)

running 1 test
test authored_morph_frames_match_metal_at_random_times_and_shutters ... ignored, requires a real GPU; mandatory in morph frame acceptance

test result: ok. 0 passed; 0 failed; 1 ignored; 0 measured; 0 filtered out; finished in 0.00s

     Running tests/multibounce_gpu.rs (target/debug/deps/multibounce_gpu-fe17f3f895f92d6e)

running 2 tests
test gpu_multibounce_parity_progressive_identity_and_cancellation ... ignored, requires a GPU adapter; run explicitly in the multi-bounce acceptance gate
test gpu_depth_admission_and_unsupported_materials_are_explicit ... ok

test result: ok. 1 passed; 0 failed; 1 ignored; 0 measured; 0 filtered out; finished in 0.53s

     Running tests/named_uv_gpu.rs (target/debug/deps/named_uv_gpu-5ff462f9bd86f79b)

running 1 test
test named_uv_cpu_gpu_roles_mips_and_displacement_match ... ignored, requires a real GPU; mandatory in named UV acceptance

test result: ok. 0 passed; 0 failed; 1 ignored; 0 measured; 0 filtered out; finished in 0.00s

     Running tests/project_cli.rs (target/debug/deps/project_cli-3c5e5a90163545c5)

running 7 tests
test ordinary_api_and_project_cli_produce_equivalent_deltas_and_retry_receipts ... ok
test import_files_are_explicit_bounded_transactional_and_retryable ... ok
test stale_invalid_cancelled_and_existing_paths_never_replace_authored_state ... ok
test animated_glb_import_is_retryable_cancellable_and_preserves_existing_animation ... ok
test gpu_profile_preflight_deadline_and_authored_names_have_safe_output_semantics ... ok
test general_cli_authors_models_animates_renders_and_recovers_without_demo_commands ... ok
test sequence_cancellation_preserves_completed_bundles_and_source_revision ... FAILED

failures:

---- sequence_cancellation_preserves_completed_bundles_and_source_revision stdout ----

thread 'sequence_cancellation_preserves_completed_bundles_and_source_revision' (4634076) panicked at crates/host/tests/project_cli.rs:363:9:
first frame did not publish
note: run with `RUST_BACKTRACE=1` environment variable to display a backtrace


failures:
    sequence_cancellation_preserves_completed_bundles_and_source_revision

test result: FAILED. 6 passed; 1 failed; 0 ignored; 0 measured; 0 filtered out; finished in 15.62s

error: test failed, to rerun pass `-p render-host --test project_cli`
